{
  "text": "Domino's Pizza #7157\nEllie Choi\n#1008 Paid\n(425) 453-7200\nOrder Time 09/17/2025 8:20 PM\nEst Order Ready 8:31 PM\nSummary\nOrder #008\n1 20-oz Bottle Coke\n1 12\" Parm Stuffed Pizza\n1 3pc Choc Lava Cakes\nTotal Items 3\nOrder: Oven\n1 12\" Parm Stuffed Pizza $37.92\nExtra Original Sauce\nExtra Pizza Cheese\nPepperoni Sausage Bacon\nBlack Olives Green Peppers Diced Tomatoes\n1 3pc Choc Lava Cakes $6.99\nTotal Boxes 2\nOrder: Von-Oven\n1 20-oz Bottle Coke $3.29\nCoupons / Adjustments\nAny Crust Any Toppings $10.90 $22.93- (5250)\nSubtotal $25.27\nTax 1 $2.58\nTotal $27.85\nPayments\nAmount Tendered $27.85\nBalance Due $0.00",
  "warnings": []
}
