{
  "text": "ELLIE\nCHOI\n#1008\nPAID\n#7157 Domino's Piz\n(425) 453-7200\n9/17/2025 8:20 PM\nEst Order Ready: 8:31 PM\nSUMMARY\n#008\n1-20-oz Bottle Coke\n1-12\" Parm Stuffed Pizza\n1-3pc Choc Lava Cakes\nTOTAL ITEMS: 3\nORDER: Jven\n1 12\" Parm Stuffed Pizza\nExtra Original Seuce,\nExtra Pizza Chese, Pepperoni,\nSausage, Bacon, Flack Olives,\nGreen Peppers, Diced Tomatoes\n1 3pc Choc Lava Cakas\nTOTAL BOXES: 2\n$37.92\n$6.99\nORDER: Von-Oven\n1 20-oz Bottle Coke\n$3.29\nCOUPONS /ADJUSTMENTS\nAny Crust, Any Toppings, $10.9 $22.93-\n(5260)\nSub Total\nTax 1\n$25.27\n$2.58\nTotal\n$27.85\n- PAYMENTS\nAmount Tendered\nBalance Due\n$27.85\n$0.00",
  "warnings": []
}
